Archive member included to satisfy reference by file (symbol)

c:/ac6/systemworkbench/plugins/fr.ac6.mcu.externaltools.arm-none.win32_1.7.0.201602121829/tools/compiler/bin/../lib/gcc/arm-none-eabi/5.2.1/../../../../arm-none-eabi/lib/armv7e-m/fpu\libc_nano.a(lib_a-exit.o)
                              c:/ac6/systemworkbench/plugins/fr.ac6.mcu.externaltools.arm-none.win32_1.7.0.201602121829/tools/compiler/bin/../lib/gcc/arm-none-eabi/5.2.1/../../../../arm-none-eabi/lib/armv7e-m/fpu/crt0.o (exit)
c:/ac6/systemworkbench/plugins/fr.ac6.mcu.externaltools.arm-none.win32_1.7.0.201602121829/tools/compiler/bin/../lib/gcc/arm-none-eabi/5.2.1/../../../../arm-none-eabi/lib/armv7e-m/fpu\libc_nano.a(lib_a-impure.o)
                              c:/ac6/systemworkbench/plugins/fr.ac6.mcu.externaltools.arm-none.win32_1.7.0.201602121829/tools/compiler/bin/../lib/gcc/arm-none-eabi/5.2.1/../../../../arm-none-eabi/lib/armv7e-m/fpu\libc_nano.a(lib_a-exit.o) (_global_impure_ptr)
c:/ac6/systemworkbench/plugins/fr.ac6.mcu.externaltools.arm-none.win32_1.7.0.201602121829/tools/compiler/bin/../lib/gcc/arm-none-eabi/5.2.1/../../../../arm-none-eabi/lib/armv7e-m/fpu\libc_nano.a(lib_a-init.o)
                              c:/ac6/systemworkbench/plugins/fr.ac6.mcu.externaltools.arm-none.win32_1.7.0.201602121829/tools/compiler/bin/../lib/gcc/arm-none-eabi/5.2.1/../../../../arm-none-eabi/lib/armv7e-m/fpu/crt0.o (__libc_init_array)
c:/ac6/systemworkbench/plugins/fr.ac6.mcu.externaltools.arm-none.win32_1.7.0.201602121829/tools/compiler/bin/../lib/gcc/arm-none-eabi/5.2.1/../../../../arm-none-eabi/lib/armv7e-m/fpu\libc_nano.a(lib_a-memset.o)
                              c:/ac6/systemworkbench/plugins/fr.ac6.mcu.externaltools.arm-none.win32_1.7.0.201602121829/tools/compiler/bin/../lib/gcc/arm-none-eabi/5.2.1/../../../../arm-none-eabi/lib/armv7e-m/fpu/crt0.o (memset)
c:/ac6/systemworkbench/plugins/fr.ac6.mcu.externaltools.arm-none.win32_1.7.0.201602121829/tools/compiler/bin/../lib/gcc/arm-none-eabi/5.2.1/../../../../arm-none-eabi/lib/armv7e-m/fpu\libnosys.a(_exit.o)
                              c:/ac6/systemworkbench/plugins/fr.ac6.mcu.externaltools.arm-none.win32_1.7.0.201602121829/tools/compiler/bin/../lib/gcc/arm-none-eabi/5.2.1/../../../../arm-none-eabi/lib/armv7e-m/fpu\libc_nano.a(lib_a-exit.o) (_exit)

Allocating common symbols
Common symbol       size              file

uwTick              0x4               Drivers/STM32F4xx_HAL_Driver/stm32f4xx_hal.o
pFlash              0x20              Drivers/STM32F4xx_HAL_Driver/stm32f4xx_hal_flash.o
htim2               0x3c              Src/main.o

Discarded input sections

 .text          0x00000000        0x0 c:/ac6/systemworkbench/plugins/fr.ac6.mcu.externaltools.arm-none.win32_1.7.0.201602121829/tools/compiler/bin/../lib/gcc/arm-none-eabi/5.2.1/armv7e-m/fpu/crti.o
 .data          0x00000000        0x0 c:/ac6/systemworkbench/plugins/fr.ac6.mcu.externaltools.arm-none.win32_1.7.0.201602121829/tools/compiler/bin/../lib/gcc/arm-none-eabi/5.2.1/armv7e-m/fpu/crti.o
 .bss           0x00000000        0x0 c:/ac6/systemworkbench/plugins/fr.ac6.mcu.externaltools.arm-none.win32_1.7.0.201602121829/tools/compiler/bin/../lib/gcc/arm-none-eabi/5.2.1/armv7e-m/fpu/crti.o
 .data          0x00000000        0x4 c:/ac6/systemworkbench/plugins/fr.ac6.mcu.externaltools.arm-none.win32_1.7.0.201602121829/tools/compiler/bin/../lib/gcc/arm-none-eabi/5.2.1/armv7e-m/fpu/crtbegin.o
 .text          0x00000000       0x74 c:/ac6/systemworkbench/plugins/fr.ac6.mcu.externaltools.arm-none.win32_1.7.0.201602121829/tools/compiler/bin/../lib/gcc/arm-none-eabi/5.2.1/../../../../arm-none-eabi/lib/armv7e-m/fpu/crt0.o
 .data          0x00000000        0x0 c:/ac6/systemworkbench/plugins/fr.ac6.mcu.externaltools.arm-none.win32_1.7.0.201602121829/tools/compiler/bin/../lib/gcc/arm-none-eabi/5.2.1/../../../../arm-none-eabi/lib/armv7e-m/fpu/crt0.o
 .bss           0x00000000        0x0 c:/ac6/systemworkbench/plugins/fr.ac6.mcu.externaltools.arm-none.win32_1.7.0.201602121829/tools/compiler/bin/../lib/gcc/arm-none-eabi/5.2.1/../../../../arm-none-eabi/lib/armv7e-m/fpu/crt0.o
 .ARM.extab     0x00000000        0x0 c:/ac6/systemworkbench/plugins/fr.ac6.mcu.externaltools.arm-none.win32_1.7.0.201602121829/tools/compiler/bin/../lib/gcc/arm-none-eabi/5.2.1/../../../../arm-none-eabi/lib/armv7e-m/fpu/crt0.o
 .ARM.exidx     0x00000000        0x8 c:/ac6/systemworkbench/plugins/fr.ac6.mcu.externaltools.arm-none.win32_1.7.0.201602121829/tools/compiler/bin/../lib/gcc/arm-none-eabi/5.2.1/../../../../arm-none-eabi/lib/armv7e-m/fpu/crt0.o
 .ARM.attributes
                0x00000000       0x20 c:/ac6/systemworkbench/plugins/fr.ac6.mcu.externaltools.arm-none.win32_1.7.0.201602121829/tools/compiler/bin/../lib/gcc/arm-none-eabi/5.2.1/../../../../arm-none-eabi/lib/armv7e-m/fpu/crt0.o
 .text          0x00000000       0x14 Application/SW4STM32/startup_stm32f401xc.o
 .data          0x00000000        0x0 Application/SW4STM32/startup_stm32f401xc.o
[...]
Memory Configuration

Name             Origin             Length             Attributes
FLASH            0x08000000         0x00040000         xr
RAM              0x20000000         0x00010000         xrw
*default*        0x00000000         0xffffffff

Linker script and memory map

LOAD c:/ac6/systemworkbench/plugins/fr.ac6.mcu.externaltools.arm-none.win32_1.7.0.201602121829/tools/compiler/bin/../lib/gcc/arm-none-eabi/5.2.1/armv7e-m/fpu/crti.o
LOAD c:/ac6/systemworkbench/plugins/fr.ac6.mcu.externaltools.arm-none.win32_1.7.0.201602121829/tools/compiler/bin/../lib/gcc/arm-none-eabi/5.2.1/armv7e-m/fpu/crtbegin.o
LOAD c:/ac6/systemworkbench/plugins/fr.ac6.mcu.externaltools.arm-none.win32_1.7.0.201602121829/tools/compiler/bin/../lib/gcc/arm-none-eabi/5.2.1/../../../../arm-none-eabi/lib/armv7e-m/fpu/crt0.o
LOAD c:/ac6/systemworkbench/plugins/fr.ac6.mcu.externaltools.arm-none.win32_1.7.0.201602121829/tools/compiler/bin/../lib/gcc/arm-none-eabi/5.2.1/../../../../arm-none-eabi/lib/armv7e-m/fpu\libm.a
LOAD Application/SW4STM32/startup_stm32f401xc.o
LOAD Drivers/CMSIS/system_stm32f4xx.o
LOAD Drivers/STM32F4xx_HAL_Driver/stm32f4xx_hal.o
LOAD Drivers/STM32F4xx_HAL_Driver/stm32f4xx_hal_cortex.o
LOAD Drivers/STM32F4xx_HAL_Driver/stm32f4xx_hal_dma.o
LOAD Drivers/STM32F4xx_HAL_Driver/stm32f4xx_hal_dma_ex.o
LOAD Drivers/STM32F4xx_HAL_Driver/stm32f4xx_hal_flash.o
LOAD Drivers/STM32F4xx_HAL_Driver/stm32f4xx_hal_flash_ex.o
LOAD Drivers/STM32F4xx_HAL_Driver/stm32f4xx_hal_flash_ramfunc.o
LOAD Drivers/STM32F4xx_HAL_Driver/stm32f4xx_hal_gpio.o
LOAD Drivers/STM32F4xx_HAL_Driver/stm32f4xx_hal_pwr.o
LOAD Drivers/STM32F4xx_HAL_Driver/stm32f4xx_hal_pwr_ex.o
LOAD Drivers/STM32F4xx_HAL_Driver/stm32f4xx_hal_rcc.o
LOAD Drivers/STM32F4xx_HAL_Driver/stm32f4xx_hal_rcc_ex.o
LOAD Drivers/STM32F4xx_HAL_Driver/stm32f4xx_hal_tim.o
LOAD Drivers/STM32F4xx_HAL_Driver/stm32f4xx_hal_tim_ex.o
LOAD Src/main.o
LOAD Src/stm32f4xx_hal_msp.o
LOAD Src/stm32f4xx_it.o
START GROUP
LOAD c:/ac6/systemworkbench/plugins/fr.ac6.mcu.externaltools.arm-none.win32_1.7.0.201602121829/tools/compiler/bin/../lib/gcc/arm-none-eabi/5.2.1/armv7e-m/fpu\libgcc.a
LOAD c:/ac6/systemworkbench/plugins/fr.ac6.mcu.externaltools.arm-none.win32_1.7.0.201602121829/tools/compiler/bin/../lib/gcc/arm-none-eabi/5.2.1/../../../../arm-none-eabi/lib/armv7e-m/fpu\libc_nano.a
END GROUP
START GROUP
LOAD c:/ac6/systemworkbench/plugins/fr.ac6.mcu.externaltools.arm-none.win32_1.7.0.201602121829/tools/compiler/bin/../lib/gcc/arm-none-eabi/5.2.1/armv7e-m/fpu\libgcc.a
LOAD c:/ac6/systemworkbench/plugins/fr.ac6.mcu.externaltools.arm-none.win32_1.7.0.201602121829/tools/compiler/bin/../lib/gcc/arm-none-eabi/5.2.1/../../../../arm-none-eabi/lib/armv7e-m/fpu\libc_nano.a
LOAD c:/ac6/systemworkbench/plugins/fr.ac6.mcu.externaltools.arm-none.win32_1.7.0.201602121829/tools/compiler/bin/../lib/gcc/arm-none-eabi/5.2.1/../../../../arm-none-eabi/lib/armv7e-m/fpu\libnosys.a
END GROUP
START GROUP
LOAD c:/ac6/systemworkbench/plugins/fr.ac6.mcu.externaltools.arm-none.win32_1.7.0.201602121829/tools/compiler/bin/../lib/gcc/arm-none-eabi/5.2.1/armv7e-m/fpu\libgcc.a
LOAD c:/ac6/systemworkbench/plugins/fr.ac6.mcu.externaltools.arm-none.win32_1.7.0.201602121829/tools/compiler/bin/../lib/gcc/arm-none-eabi/5.2.1/../../../../arm-none-eabi/lib/armv7e-m/fpu\libc_nano.a
LOAD c:/ac6/systemworkbench/plugins/fr.ac6.mcu.externaltools.arm-none.win32_1.7.0.201602121829/tools/compiler/bin/../lib/gcc/arm-none-eabi/5.2.1/../../../../arm-none-eabi/lib/armv7e-m/fpu\libnosys.a
END GROUP
LOAD c:/ac6/systemworkbench/plugins/fr.ac6.mcu.externaltools.arm-none.win32_1.7.0.201602121829/tools/compiler/bin/../lib/gcc/arm-none-eabi/5.2.1/armv7e-m/fpu/crtend.o
LOAD c:/ac6/systemworkbench/plugins/fr.ac6.mcu.externaltools.arm-none.win32_1.7.0.201602121829/tools/compiler/bin/../lib/gcc/arm-none-eabi/5.2.1/armv7e-m/fpu/crtn.o
                0x20010000                _estack = 0x20010000
                0x00000200                _Min_Heap_Size = 0x200
                0x00000400                _Min_Stack_Size = 0x400

.isr_vector     0x08000000      0x194
                0x08000000                . = ALIGN (0x4)
 *(.isr_vector)
 .isr_vector    0x08000000      0x194 Application/SW4STM32/startup_stm32f401xc.o
                0x08000000                g_pfnVectors
                0x08000194                . = ALIGN (0x4)

.text           0x08000194     0x11c0
                0x08000194                . = ALIGN (0x4)
 *(.text)
 .text          0x08000194       0xa4 c:/ac6/systemworkbench/plugins/fr.ac6.mcu.externaltools.arm-none.win32_1.7.0.201602121829/tools/compiler/bin/../lib/gcc/arm-none-eabi/5.2.1/armv7e-m/fpu/crtbegin.o
 *(.text*)
 .text.Reset_Handler
                0x08000238       0x50 Application/SW4STM32/startup_stm32f401xc.o
                0x08000238                Reset_Handler
 .text.Default_Handler
                0x08000288        0x2 Application/SW4STM32/startup_stm32f401xc.o
                0x08000288                RTC_Alarm_IRQHandler
                0x08000288                EXTI2_IRQHandler
                0x08000288                SPI4_IRQHandler
                0x08000288                TIM1_CC_IRQHandler
                0x08000288                DMA2_Stream5_IRQHandler
                0x08000288                HardFault_Handler
                0x08000288                DMA1_Stream5_IRQHandler
                0x08000288                PVD_IRQHandler
                0x08000288                SDIO_IRQHandler
                0x08000288                TAMP_STAMP_IRQHandler
                0x08000288                PendSV_Handler
                0x08000288                NMI_Handler
                0x08000288                EXTI3_IRQHandler
                0x08000288                TIM1_UP_TIM10_IRQHandler
                0x08000288                I2C3_ER_IRQHandler
                0x08000288                I2C2_EV_IRQHandler
                0x08000288                DMA1_Stream2_IRQHandler
                0x08000288                FPU_IRQHandler
                0x08000288                UsageFault_Handler
                0x08000288                DMA2_Stream2_IRQHandler
                0x08000288                SPI1_IRQHandler
                0x08000288                TIM1_BRK_TIM9_IRQHandler
                0x08000288                DMA2_Stream3_IRQHandler
                0x08000288                USART6_IRQHandler
                0x08000288                DMA2_Stream0_IRQHandler
                0x08000288                TIM4_IRQHandler
                0x08000288                I2C1_EV_IRQHandler
                0x08000288                DMA1_Stream6_IRQHandler
                0x08000288                DMA1_Stream1_IRQHandler
                0x08000288                TIM3_IRQHandler
                0x08000288                RCC_IRQHandler
                0x08000288                Default_Handler
                0x08000288                EXTI15_10_IRQHandler
                0x08000288                ADC_IRQHandler
                0x08000288                DMA1_Stream7_IRQHandler
                0x08000288                TIM5_IRQHandler
                0x08000288                DMA2_Stream7_IRQHandler
                0x08000288                I2C3_EV_IRQHandler
                0x08000288                EXTI9_5_IRQHandler
                0x08000288                RTC_WKUP_IRQHandler
                0x08000288                SPI2_IRQHandler
                0x08000288                MemManage_Handler
                0x08000288                DMA1_Stream0_IRQHandler
                0x08000288                SVC_Handler
                0x08000288                EXTI4_IRQHandler
                0x08000288                WWDG_IRQHandler
                0x08000288                OTG_FS_WKUP_IRQHandler
                0x08000288                TIM1_TRG_COM_TIM11_IRQHandler
                0x08000288                EXTI1_IRQHandler
                0x08000288                USART2_IRQHandler
                0x08000288                I2C2_ER_IRQHandler
                0x08000288                DMA2_Stream1_IRQHandler
                0x08000288                FLASH_IRQHandler
                0x08000288                DMA2_Stream4_IRQHandler
                0x08000288                BusFault_Handler
                0x08000288                USART1_IRQHandler
                0x08000288                OTG_FS_IRQHandler
                0x08000288                SPI3_IRQHandler
                0x08000288                DMA1_Stream4_IRQHandler
                0x08000288                I2C1_ER_IRQHandler
                0x08000288                DMA2_Stream6_IRQHandler
                0x08000288                DMA1_Stream3_IRQHandler
 *fill*         0x0800028a        0x2 
 .text.SystemInit
                0x0800028c       0x4c Drivers/CMSIS/system_stm32f4xx.o
                0x0800028c                SystemInit
 .text.HAL_InitTick
                0x080002d8       0x28 Drivers/STM32F4xx_HAL_Driver/stm32f4xx_hal.o
                0x080002d8                HAL_InitTick
 .text.HAL_Init
                0x08000300       0x34 Drivers/STM32F4xx_HAL_Driver/stm32f4xx_hal.o
                0x08000300                HAL_Init
 .text.HAL_IncTick
                0x08000334       0x10 Drivers/STM32F4xx_HAL_Driver/stm32f4xx_hal.o
                0x08000334                HAL_IncTick
 .text.HAL_GetTick
                0x08000344        0xc Drivers/STM32F4xx_HAL_Driver/stm32f4xx_hal.o
                0x08000344                HAL_GetTick
 .text.HAL_Delay
                0x08000350       0x1a Drivers/STM32F4xx_HAL_Driver/stm32f4xx_hal.o
                0x08000350                HAL_Delay
 *fill*         0x0800036a        0x2 
 .text.HAL_NVIC_SetPriorityGrouping
                0x0800036c       0x24 Drivers/STM32F4xx_HAL_Driver/stm32f4xx_hal_cortex.o
                0x0800036c                HAL_NVIC_SetPriorityGrouping
 .text.HAL_NVIC_SetPriority
                0x08000390       0x68 Drivers/STM32F4xx_HAL_Driver/stm32f4xx_hal_cortex.o
                0x08000390                HAL_NVIC_SetPriority
 .text.HAL_NVIC_EnableIRQ
                0x080003f8       0x18 Drivers/STM32F4xx_HAL_Driver/stm32f4xx_hal_cortex.o
                0x080003f8                HAL_NVIC_EnableIRQ
 .text.HAL_SYSTICK_Config
                0x08000410       0x2c Drivers/STM32F4xx_HAL_Driver/stm32f4xx_hal_cortex.o
                0x08000410                HAL_SYSTICK_Config
 .text.HAL_SYSTICK_CLKSourceConfig
                0x0800043c       0x18 Drivers/STM32F4xx_HAL_Driver/stm32f4xx_hal_cortex.o
                0x0800043c                HAL_SYSTICK_CLKSourceConfig
 .text.HAL_SYSTICK_Callback
                0x08000454        0x2 Drivers/STM32F4xx_HAL_Driver/stm32f4xx_hal_cortex.o
                0x08000454                HAL_SYSTICK_Callback
 .text.HAL_SYSTICK_IRQHandler
                0x08000456        0x8 Drivers/STM32F4xx_HAL_Driver/stm32f4xx_hal_cortex.o
                0x08000456                HAL_SYSTICK_IRQHandler
 *fill*         0x0800045e        0x2 
 .text.HAL_GPIO_Init
                0x08000460      0x19c Drivers/STM32F4xx_HAL_Driver/stm32f4xx_hal_gpio.o
                0x08000460                HAL_GPIO_Init
 .text.HAL_GPIO_WritePin
                0x080005fc        0x8 Drivers/STM32F4xx_HAL_Driver/stm32f4xx_hal_gpio.o
                0x080005fc                HAL_GPIO_WritePin
 .text.HAL_GPIO_TogglePin
                0x08000604        0x8 Drivers/STM32F4xx_HAL_Driver/stm32f4xx_hal_gpio.o
                0x08000604                HAL_GPIO_TogglePin
 .text.HAL_GPIO_EXTI_IRQHandler
                0x0800060c       0x18 Drivers/STM32F4xx_HAL_Driver/stm32f4xx_hal_gpio.o
                0x0800060c                HAL_GPIO_EXTI_IRQHandler
 .text.HAL_RCC_OscConfig
                0x08000624      0x2d0 Drivers/STM32F4xx_HAL_Driver/stm32f4xx_hal_rcc.o
                0x08000624                HAL_RCC_OscConfig
 .text.HAL_RCC_GetSysClockFreq
                0x080008f4       0x7c Drivers/STM32F4xx_HAL_Driver/stm32f4xx_hal_rcc.o
                0x080008f4                HAL_RCC_GetSysClockFreq
 .text.HAL_RCC_ClockConfig
                0x08000970      0x168 Drivers/STM32F4xx_HAL_Driver/stm32f4xx_hal_rcc.o
                0x08000970                HAL_RCC_ClockConfig
 .text.HAL_RCC_GetHCLKFreq
                0x08000ad8        0xc Drivers/STM32F4xx_HAL_Driver/stm32f4xx_hal_rcc.o
                0x08000ad8                HAL_RCC_GetHCLKFreq
 .text.HAL_TIM_Base_Start_IT
                0x08000ae4       0x16 Drivers/STM32F4xx_HAL_Driver/stm32f4xx_hal_tim.o
                0x08000ae4                HAL_TIM_Base_Start_IT
 .text.HAL_TIM_ConfigClockSource
                0x08000afa      0x174 Drivers/STM32F4xx_HAL_Driver/stm32f4xx_hal_tim.o
                0x08000afa                HAL_TIM_ConfigClockSource
 .text.HAL_TIM_OC_DelayElapsedCallback
                0x08000c6e        0x2 Drivers/STM32F4xx_HAL_Driver/stm32f4xx_hal_tim.o
                0x08000c6e                HAL_TIM_OC_DelayElapsedCallback
 .text.HAL_TIM_IC_CaptureCallback
                0x08000c70        0x2 Drivers/STM32F4xx_HAL_Driver/stm32f4xx_hal_tim.o
                0x08000c70                HAL_TIM_IC_CaptureCallback
 .text.HAL_TIM_PWM_PulseFinishedCallback
                0x08000c72        0x2 Drivers/STM32F4xx_HAL_Driver/stm32f4xx_hal_tim.o
                0x08000c72                HAL_TIM_PWM_PulseFinishedCallback
 .text.HAL_TIM_TriggerCallback
                0x08000c74        0x2 Drivers/STM32F4xx_HAL_Driver/stm32f4xx_hal_tim.o
                0x08000c74                HAL_TIM_TriggerCallback
 .text.HAL_TIM_IRQHandler
                0x08000c76      0x144 Drivers/STM32F4xx_HAL_Driver/stm32f4xx_hal_tim.o
                0x08000c76                HAL_TIM_IRQHandler
 *fill*         0x08000dba        0x2 
 .text.TIM_Base_SetConfig
                0x08000dbc       0x98 Drivers/STM32F4xx_HAL_Driver/stm32f4xx_hal_tim.o
                0x08000dbc                TIM_Base_SetConfig
 .text.HAL_TIM_Base_Init
                0x08000e54       0x34 Drivers/STM32F4xx_HAL_Driver/stm32f4xx_hal_tim.o
                0x08000e54                HAL_TIM_Base_Init
 .text.HAL_TIMEx_MasterConfigSynchronization
                0x08000e88       0x44 Drivers/STM32F4xx_HAL_Driver/stm32f4xx_hal_tim_ex.o
                0x08000e88                HAL_TIMEx_MasterConfigSynchronization
 .text.HAL_TIMEx_CommutationCallback
                0x08000ecc        0x2 Drivers/STM32F4xx_HAL_Driver/stm32f4xx_hal_tim_ex.o
                0x08000ecc                HAL_TIMEx_CommutationCallback
 .text.HAL_TIMEx_BreakCallback
                0x08000ece        0x2 Drivers/STM32F4xx_HAL_Driver/stm32f4xx_hal_tim_ex.o
                0x08000ece                HAL_TIMEx_BreakCallback
 .text.SystemClock_Config
                0x08000ed0       0xac Src/main.o
                0x08000ed0                SystemClock_Config
 .text.startup.main
                0x08000f7c      0x2a0 Src/main.o
                0x08000f7c                main
 .text.HAL_MspInit
                0x0800121c       0x60 Src/stm32f4xx_hal_msp.o
                0x0800121c                HAL_MspInit
 .text.HAL_TIM_Base_MspInit
                0x0800127c       0x2c Src/stm32f4xx_hal_msp.o
                0x0800127c                HAL_TIM_Base_MspInit
 .text.DebugMon_Handler
                0x080012a8        0x2 Src/stm32f4xx_it.o
                0x080012a8                DebugMon_Handler
 .text.SysTick_Handler
                0x080012aa        0xe Src/stm32f4xx_it.o
                0x080012aa                SysTick_Handler
 .text.EXTI0_IRQHandler
                0x080012b8        0x6 Src/stm32f4xx_it.o
                0x080012b8                EXTI0_IRQHandler
 *fill*         0x080012be        0x2 
 .text.TIM2_IRQHandler
                0x080012c0        0xc Src/stm32f4xx_it.o
                0x080012c0                TIM2_IRQHandler
 .text.HAL_GPIO_EXTI_Callback
                0x080012cc       0x14 Src/stm32f4xx_it.o
                0x080012cc                HAL_GPIO_EXTI_Callback
 .text.HAL_TIM_PeriodElapsedCallback
                0x080012e0       0x10 Src/stm32f4xx_it.o
                0x080012e0                HAL_TIM_PeriodElapsedCallback
 .text.__libc_init_array
                0x080012f0       0x4c c:/ac6/systemworkbench/plugins/fr.ac6.mcu.externaltools.arm-none.win32_1.7.0.201602121829/tools/compiler/bin/../lib/gcc/arm-none-eabi/5.2.1/../../../../arm-none-eabi/lib/armv7e-m/fpu\libc_nano.a(lib_a-init.o)
                0x080012f0                __libc_init_array
 *(.glue_7)
 .glue_7        0x0800133c        0x0 linker stubs
 *(.glue_7t)
 .glue_7t       0x0800133c        0x0 linker stubs
 *(.eh_frame)
 .eh_frame      0x0800133c        0x0 c:/ac6/systemworkbench/plugins/fr.ac6.mcu.externaltools.arm-none.win32_1.7.0.201602121829/tools/compiler/bin/../lib/gcc/arm-none-eabi/5.2.1/armv7e-m/fpu/crtbegin.o
 *(.init)
 .init          0x0800133c        0x4 c:/ac6/systemworkbench/plugins/fr.ac6.mcu.externaltools.arm-none.win32_1.7.0.201602121829/tools/compiler/bin/../lib/gcc/arm-none-eabi/5.2.1/armv7e-m/fpu/crti.o
                0x0800133c                _init
 .init          0x08001340        0x8 c:/ac6/systemworkbench/plugins/fr.ac6.mcu.externaltools.arm-none.win32_1.7.0.201602121829/tools/compiler/bin/../lib/gcc/arm-none-eabi/5.2.1/armv7e-m/fpu/crtn.o
 *(.fini)
 .fini          0x08001348        0x4 c:/ac6/systemworkbench/plugins/fr.ac6.mcu.externaltools.arm-none.win32_1.7.0.201602121829/tools/compiler/bin/../lib/gcc/arm-none-eabi/5.2.1/armv7e-m/fpu/crti.o
                0x08001348                _fini
 .fini          0x0800134c        0x8 c:/ac6/systemworkbench/plugins/fr.ac6.mcu.externaltools.arm-none.win32_1.7.0.201602121829/tools/compiler/bin/../lib/gcc/arm-none-eabi/5.2.1/armv7e-m/fpu/crtn.o
                0x08001354                . = ALIGN (0x4)
                0x08001354                _etext = .

.vfp11_veneer   0x08001354        0x0
 .vfp11_veneer  0x08001354        0x0 linker stubs

.v4_bx          0x08001354        0x0
 .v4_bx         0x08001354        0x0 linker stubs

.iplt           0x08001354        0x0
 .iplt          0x08001354        0x0 c:/ac6/systemworkbench/plugins/fr.ac6.mcu.externaltools.arm-none.win32_1.7.0.201602121829/tools/compiler/bin/../lib/gcc/arm-none-eabi/5.2.1/armv7e-m/fpu/crtbegin.o

.rodata         0x08001354       0x10
                0x08001354                . = ALIGN (0x4)
 *(.rodata)
 .rodata        0x08001354       0x10 Drivers/STM32F4xx_HAL_Driver/stm32f4xx_hal_rcc.o
                0x08001354                APBAHBPrescTable
 *(.rodata*)
                0x08001364                . = ALIGN (0x4)

.rel.dyn        0x08001364        0x0
 .rel.iplt      0x08001364        0x0 c:/ac6/systemworkbench/plugins/fr.ac6.mcu.externaltools.arm-none.win32_1.7.0.201602121829/tools/compiler/bin/../lib/gcc/arm-none-eabi/5.2.1/armv7e-m/fpu/crtbegin.o

.ARM.extab
 *(.ARM.extab* .gnu.linkonce.armextab.*)

.ARM            0x08001364        0x0
                0x08001364                __exidx_start = .
 *(.ARM.exidx*)
                0x08001364                __exidx_end = .

.preinit_array  0x08001364        0x0
                0x08001364                PROVIDE (__preinit_array_start, .)
 *(.preinit_array*)
                0x08001364                PROVIDE (__preinit_array_end, .)

.init_array     0x08001364        0x4
                0x08001364                PROVIDE (__init_array_start, .)
 *(SORT(.init_array.*))
 *(.init_array*)
 .init_array    0x08001364        0x4 c:/ac6/systemworkbench/plugins/fr.ac6.mcu.externaltools.arm-none.win32_1.7.0.201602121829/tools/compiler/bin/../lib/gcc/arm-none-eabi/5.2.1/armv7e-m/fpu/crtbegin.o
                0x08001368                PROVIDE (__init_array_end, .)

.fini_array     0x08001368        0x4
                [!provide]                PROVIDE (__fini_array_start, .)
 *(SORT(.fini_array.*))
 *(.fini_array*)
 .fini_array    0x08001368        0x4 c:/ac6/systemworkbench/plugins/fr.ac6.mcu.externaltools.arm-none.win32_1.7.0.201602121829/tools/compiler/bin/../lib/gcc/arm-none-eabi/5.2.1/armv7e-m/fpu/crtbegin.o
                [!provide]                PROVIDE (__fini_array_end, .)
                0x0800136c                _sidata = LOADADDR (.data)

.data           0x20000000        0x4 load address 0x0800136c
                0x20000000                . = ALIGN (0x4)
                0x20000000                _sdata = .
 *(.data)
 .data          0x20000000        0x4 Drivers/CMSIS/system_stm32f4xx.o
                0x20000000                SystemCoreClock
 *(.data*)
                0x20000004                . = ALIGN (0x4)
                0x20000004                _edata = .

.jcr            0x20000004        0x0 load address 0x08001370
 .jcr           0x20000004        0x0 c:/ac6/systemworkbench/plugins/fr.ac6.mcu.externaltools.arm-none.win32_1.7.0.201602121829/tools/compiler/bin/../lib/gcc/arm-none-eabi/5.2.1/armv7e-m/fpu/crtbegin.o

.tm_clone_table
                0x20000004        0x0 load address 0x08001370
 .tm_clone_table
                0x20000004        0x0 c:/ac6/systemworkbench/plugins/fr.ac6.mcu.externaltools.arm-none.win32_1.7.0.201602121829/tools/compiler/bin/../lib/gcc/arm-none-eabi/5.2.1/armv7e-m/fpu/crtbegin.o
 .tm_clone_table
                0x20000004        0x0 c:/ac6/systemworkbench/plugins/fr.ac6.mcu.externaltools.arm-none.win32_1.7.0.201602121829/tools/compiler/bin/../lib/gcc/arm-none-eabi/5.2.1/armv7e-m/fpu/crtend.o

.igot.plt       0x20000004        0x0 load address 0x08001370
 .igot.plt      0x20000004        0x0 c:/ac6/systemworkbench/plugins/fr.ac6.mcu.externaltools.arm-none.win32_1.7.0.201602121829/tools/compiler/bin/../lib/gcc/arm-none-eabi/5.2.1/armv7e-m/fpu/crtbegin.o
                0x20000004                . = ALIGN (0x4)

.bss            0x20000004       0x5c load address 0x08001370
                0x20000004                _sbss = .
                0x20000004                __bss_start__ = _sbss
 *(.bss)
 .bss           0x20000004       0x1c c:/ac6/systemworkbench/plugins/fr.ac6.mcu.externaltools.arm-none.win32_1.7.0.201602121829/tools/compiler/bin/../lib/gcc/arm-none-eabi/5.2.1/armv7e-m/fpu/crtbegin.o
 *(.bss*)
 *(COMMON)
 COMMON         0x20000020        0x4 Drivers/STM32F4xx_HAL_Driver/stm32f4xx_hal.o
                0x20000020                uwTick
 COMMON         0x20000024       0x3c Src/main.o
                0x20000024                htim2
                0x20000060                . = ALIGN (0x4)
                0x20000060                _ebss = .
                0x20000060                __bss_end__ = _ebss

._user_heap_stack
                0x20000060      0x600 load address 0x08001370
                0x20000060                . = ALIGN (0x8)
                [!provide]                PROVIDE (end, .)
                [!provide]                PROVIDE (_end, .)
                0x20000260                . = (. + _Min_Heap_Size)
 *fill*         0x20000060      0x200 
                0x20000660                . = (. + _Min_Stack_Size)
 *fill*         0x20000260      0x400 
                0x20000660                . = ALIGN (0x8)

/DISCARD/
 libc.a(*)
 libm.a(*)
 libgcc.a(*)

.ARM.attributes
                0x00000000       0x30
 *(.ARM.attributes)
 .ARM.attributes
                0x00000000       0x22 c:/ac6/systemworkbench/plugins/fr.ac6.mcu.externaltools.arm-none.win32_1.7.0.201602121829/tools/compiler/bin/../lib/gcc/arm-none-eabi/5.2.1/armv7e-m/fpu/crti.o
 .ARM.attributes
                0x00000022       0x34 c:/ac6/systemworkbench/plugins/fr.ac6.mcu.externaltools.arm-none.win32_1.7.0.201602121829/tools/compiler/bin/../lib/gcc/arm-none-eabi/5.2.1/armv7e-m/fpu/crtbegin.o
 .ARM.attributes
                0x00000056       0x21 Application/SW4STM32/startup_stm32f401xc.o
 .ARM.attributes
                0x00000077       0x39 Drivers/CMSIS/system_stm32f4xx.o
 .ARM.attributes
                0x000000b0       0x39 Drivers/STM32F4xx_HAL_Driver/stm32f4xx_hal.o
 .ARM.attributes
                0x000000e9       0x39 Drivers/STM32F4xx_HAL_Driver/stm32f4xx_hal_cortex.o
 .ARM.attributes
                0x00000122       0x39 Drivers/STM32F4xx_HAL_Driver/stm32f4xx_hal_gpio.o
 .ARM.attributes
                0x0000015b       0x39 Drivers/STM32F4xx_HAL_Driver/stm32f4xx_hal_rcc.o
 .ARM.attributes
                0x00000194       0x39 Drivers/STM32F4xx_HAL_Driver/stm32f4xx_hal_tim.o
 .ARM.attributes
                0x000001cd       0x39 Drivers/STM32F4xx_HAL_Driver/stm32f4xx_hal_tim_ex.o
 .ARM.attributes
                0x00000206       0x39 Src/main.o
 .ARM.attributes
                0x0000023f       0x39 Src/stm32f4xx_hal_msp.o
 .ARM.attributes
                0x00000278       0x39 Src/stm32f4xx_it.o
 .ARM.attributes
                0x000002b1       0x34 c:/ac6/systemworkbench/plugins/fr.ac6.mcu.externaltools.arm-none.win32_1.7.0.201602121829/tools/compiler/bin/../lib/gcc/arm-none-eabi/5.2.1/../../../../arm-none-eabi/lib/armv7e-m/fpu\libc_nano.a(lib_a-init.o)
 .ARM.attributes
                0x000002e5       0x34 c:/ac6/systemworkbench/plugins/fr.ac6.mcu.externaltools.arm-none.win32_1.7.0.201602121829/tools/compiler/bin/../lib/gcc/arm-none-eabi/5.2.1/armv7e-m/fpu/crtend.o
 .ARM.attributes
                0x00000319       0x22 c:/ac6/systemworkbench/plugins/fr.ac6.mcu.externaltools.arm-none.win32_1.7.0.201602121829/tools/compiler/bin/../lib/gcc/arm-none-eabi/5.2.1/armv7e-m/fpu/crtn.o
OUTPUT(HAL_Timer.elf elf32-littlearm)

.debug_line     0x00000000     0x6ac6
 .debug_line    0x00000000       0xe6 Application/SW4STM32/startup_stm32f401xc.o
 .debug_line    0x000000e6      0x83b Drivers/CMSIS/system_stm32f4xx.o
 .debug_line    0x00000921      0x96b Drivers/STM32F4xx_HAL_Driver/stm32f4xx_hal.o
 .debug_line    0x0000128c      0x9df Drivers/STM32F4xx_HAL_Driver/stm32f4xx_hal_cortex.o
 .debug_line    0x00001c6b      0x994 Drivers/STM32F4xx_HAL_Driver/stm32f4xx_hal_gpio.o
 .debug_line    0x000025ff      0xaec Drivers/STM32F4xx_HAL_Driver/stm32f4xx_hal_rcc.o
 .debug_line    0x000030eb     0x1594 Drivers/STM32F4xx_HAL_Driver/stm32f4xx_hal_tim.o
 .debug_line    0x0000467f      0xbd7 Drivers/STM32F4xx_HAL_Driver/stm32f4xx_hal_tim_ex.o
 .debug_line    0x00005256      0x896 Src/main.o
 .debug_line    0x00005aec      0x7d3 Src/stm32f4xx_hal_msp.o
 .debug_line    0x000062bf      0x807 Src/stm32f4xx_it.o

.debug_info     0x00000000     0x9231
 .debug_info    0x00000000       0xe1 Application/SW4STM32/startup_stm32f401xc.o
 .debug_info    0x000000e1      0x4da Drivers/CMSIS/system_stm32f4xx.o
 .debug_info    0x000005bb      0x86e Drivers/STM32F4xx_HAL_Driver/stm32f4xx_hal.o
 .debug_info    0x00000e29      0xdd4 Drivers/STM32F4xx_HAL_Driver/stm32f4xx_hal_cortex.o
 .debug_info    0x00001bfd      0x74b Drivers/STM32F4xx_HAL_Driver/stm32f4xx_hal_gpio.o
 .debug_info    0x00002348      0xcac Drivers/STM32F4xx_HAL_Driver/stm32f4xx_hal_rcc.o
 .debug_info    0x00002ff4     0x2ea2 Drivers/STM32F4xx_HAL_Driver/stm32f4xx_hal_tim.o
 .debug_info    0x00005e96      0xf67 Drivers/STM32F4xx_HAL_Driver/stm32f4xx_hal_tim_ex.o
 .debug_info    0x00006dfd     0x125e Src/main.o
 .debug_info    0x0000805b      0xa66 Src/stm32f4xx_hal_msp.o
 .debug_info    0x00008ac1      0x770 Src/stm32f4xx_it.o

.debug_abbrev   0x00000000     0x1730
 .debug_abbrev  0x00000000       0x12 Application/SW4STM32/startup_stm32f401xc.o
 .debug_abbrev  0x00000012      0x104 Drivers/CMSIS/system_stm32f4xx.o
 .debug_abbrev  0x00000116      0x272 Drivers/STM32F4xx_HAL_Driver/stm32f4xx_hal.o
 .debug_abbrev  0x00000388      0x332 Drivers/STM32F4xx_HAL_Driver/stm32f4xx_hal_cortex.o
 .debug_abbrev  0x000006ba      0x1cb Drivers/STM32F4xx_HAL_Driver/stm32f4xx_hal_gpio.o
 .debug_abbrev  0x00000885      0x321 Drivers/STM32F4xx_HAL_Driver/stm32f4xx_hal_rcc.o
 .debug_abbrev  0x00000ba6      0x323 Drivers/STM32F4xx_HAL_Driver/stm32f4xx_hal_tim.o
 .debug_abbrev  0x00000ec9      0x282 Drivers/STM32F4xx_HAL_Driver/stm32f4xx_hal_tim_ex.o
 .debug_abbrev  0x0000114b      0x273 Src/main.o
 .debug_abbrev  0x000013be      0x1ae Src/stm32f4xx_hal_msp.o
 .debug_abbrev  0x0000156c      0x1c4 Src/stm32f4xx_it.o

.debug_aranges  0x00000000      0x660
 .debug_aranges
                0x00000000       0x28 Application/SW4STM32/startup_stm32f401xc.o
 .debug_aranges
                0x00000028       0x28 Drivers/CMSIS/system_stm32f4xx.o
 .debug_aranges
                0x00000050       0xb8 Drivers/STM32F4xx_HAL_Driver/stm32f4xx_hal.o
 .debug_aranges
                0x00000108       0x98 Drivers/STM32F4xx_HAL_Driver/stm32f4xx_hal_cortex.o
 .debug_aranges
                0x000001a0       0x58 Drivers/STM32F4xx_HAL_Driver/stm32f4xx_hal_gpio.o
 .debug_aranges
                0x000001f8       0x80 Drivers/STM32F4xx_HAL_Driver/stm32f4xx_hal_rcc.o
 .debug_aranges
                0x00000278      0x250 Drivers/STM32F4xx_HAL_Driver/stm32f4xx_hal_tim.o
 .debug_aranges
                0x000004c8       0xf0 Drivers/STM32F4xx_HAL_Driver/stm32f4xx_hal_tim_ex.o
 .debug_aranges
                0x000005b8       0x30 Src/main.o
 .debug_aranges
                0x000005e8       0x30 Src/stm32f4xx_hal_msp.o
 .debug_aranges
                0x00000618       0x48 Src/stm32f4xx_it.o

.debug_ranges   0x00000000      0x918
 .debug_ranges  0x00000000       0x20 Application/SW4STM32/startup_stm32f401xc.o
 .debug_ranges  0x00000020       0x18 Drivers/CMSIS/system_stm32f4xx.o
 .debug_ranges  0x00000038       0xa8 Drivers/STM32F4xx_HAL_Driver/stm32f4xx_hal.o
 .debug_ranges  0x000000e0      0x148 Drivers/STM32F4xx_HAL_Driver/stm32f4xx_hal_cortex.o
 .debug_ranges  0x00000228       0x70 Drivers/STM32F4xx_HAL_Driver/stm32f4xx_hal_gpio.o
 .debug_ranges  0x00000298      0x150 Drivers/STM32F4xx_HAL_Driver/stm32f4xx_hal_rcc.o
 .debug_ranges  0x000003e8      0x330 Drivers/STM32F4xx_HAL_Driver/stm32f4xx_hal_tim.o
 .debug_ranges  0x00000718       0xe0 Drivers/STM32F4xx_HAL_Driver/stm32f4xx_hal_tim_ex.o
 .debug_ranges  0x000007f8       0xc8 Src/main.o
 .debug_ranges  0x000008c0       0x20 Src/stm32f4xx_hal_msp.o
 .debug_ranges  0x000008e0       0x38 Src/stm32f4xx_it.o

.debug_loc      0x00000000     0x4747
 .debug_loc     0x00000000       0xd7 Drivers/CMSIS/system_stm32f4xx.o
 .debug_loc     0x000000d7       0x92 Drivers/STM32F4xx_HAL_Driver/stm32f4xx_hal.o
 .debug_loc     0x00000169      0x4ab Drivers/STM32F4xx_HAL_Driver/stm32f4xx_hal_cortex.o
 .debug_loc     0x00000614      0x370 Drivers/STM32F4xx_HAL_Driver/stm32f4xx_hal_gpio.o
 .debug_loc     0x00000984      0x49b Drivers/STM32F4xx_HAL_Driver/stm32f4xx_hal_rcc.o
 .debug_loc     0x00000e1f     0x30f6 Drivers/STM32F4xx_HAL_Driver/stm32f4xx_hal_tim.o
 .debug_loc     0x00003f15      0x7b9 Drivers/STM32F4xx_HAL_Driver/stm32f4xx_hal_tim_ex.o
 .debug_loc     0x000046ce       0x2c Src/stm32f4xx_hal_msp.o
 .debug_loc     0x000046fa       0x4d Src/stm32f4xx_it.o

.debug_macro    0x00000000     0xf0cd
 .debug_macro   0x00000000      0x2da Drivers/CMSIS/system_stm32f4xx.o
 .debug_macro   0x000002da      0x89e Drivers/CMSIS/system_stm32f4xx.o
 .debug_macro   0x00000b78       0x31 Drivers/CMSIS/system_stm32f4xx.o
 .debug_macro   0x00000ba9       0x28 Drivers/CMSIS/system_stm32f4xx.o
 .debug_macro   0x00000bd1       0x22 Drivers/CMSIS/system_stm32f4xx.o
 .debug_macro   0x00000bf3       0x44 Drivers/CMSIS/system_stm32f4xx.o
 .debug_macro   0x00000c37       0xfd Drivers/CMSIS/system_stm32f4xx.o
 .debug_macro   0x00000d34       0x22 Drivers/CMSIS/system_stm32f4xx.o
 .debug_macro   0x00000d56      0x1df Drivers/CMSIS/system_stm32f4xx.o
 .debug_macro   0x00000f35       0x35 Drivers/CMSIS/system_stm32f4xx.o
 .debug_macro   0x00000f6a       0x50 Drivers/CMSIS/system_stm32f4xx.o
 .debug_macro   0x00000fba      0xe66 Drivers/CMSIS/system_stm32f4xx.o
 .debug_macro   0x00001e20     0x5099 Drivers/CMSIS/system_stm32f4xx.o
 .debug_macro   0x00006eb9       0x43 Drivers/CMSIS/system_stm32f4xx.o
 .debug_macro   0x00006efc      0x14e Drivers/CMSIS/system_stm32f4xx.o
 .debug_macro   0x0000704a      0x1aa Drivers/CMSIS/system_stm32f4xx.o
 .debug_macro   0x000071f4     0x347f Drivers/CMSIS/system_stm32f4xx.o
 .debug_macro   0x0000a673       0x58 Drivers/CMSIS/system_stm32f4xx.o
 .debug_macro   0x0000a6cb       0x35 Drivers/CMSIS/system_stm32f4xx.o
 .debug_macro   0x0000a700       0x9c Drivers/CMSIS/system_stm32f4xx.o
 .debug_macro   0x0000a79c       0x16 Drivers/CMSIS/system_stm32f4xx.o
 .debug_macro   0x0000a7b2       0x97 Drivers/CMSIS/system_stm32f4xx.o
 .debug_macro   0x0000a849      0x329 Drivers/CMSIS/system_stm32f4xx.o
 .debug_macro   0x0000ab72       0xfd Drivers/CMSIS/system_stm32f4xx.o
 .debug_macro   0x0000ac6f       0x10 Drivers/CMSIS/system_stm32f4xx.o
 .debug_macro   0x0000ac7f       0x52 Drivers/CMSIS/system_stm32f4xx.o
 .debug_macro   0x0000acd1       0x16 Drivers/CMSIS/system_stm32f4xx.o
 .debug_macro   0x0000ace7       0x43 Drivers/CMSIS/system_stm32f4xx.o
 .debug_macro   0x0000ad2a      0x187 Drivers/CMSIS/system_stm32f4xx.o
 .debug_macro   0x0000aeb1       0x10 Drivers/CMSIS/system_stm32f4xx.o
 .debug_macro   0x0000aec1       0x22 Drivers/CMSIS/system_stm32f4xx.o
 .debug_macro   0x0000aee3       0x3a Drivers/CMSIS/system_stm32f4xx.o
 .debug_macro   0x0000af1d       0x10 Drivers/CMSIS/system_stm32f4xx.o
 .debug_macro   0x0000af2d       0x40 Drivers/CMSIS/system_stm32f4xx.o
 .debug_macro   0x0000af6d       0x65 Drivers/CMSIS/system_stm32f4xx.o
 .debug_macro   0x0000afd2       0x16 Drivers/CMSIS/system_stm32f4xx.o
 .debug_macro   0x0000afe8      0x197 Drivers/CMSIS/system_stm32f4xx.o
 .debug_macro   0x0000b17f       0x50 Drivers/CMSIS/system_stm32f4xx.o
 .debug_macro   0x0000b1cf      0x424 Drivers/CMSIS/system_stm32f4xx.o
 .debug_macro   0x0000b5f3      0x9e1 Drivers/CMSIS/system_stm32f4xx.o
 .debug_macro   0x0000bfd4      0x11e Drivers/CMSIS/system_stm32f4xx.o
 .debug_macro   0x0000c0f2       0xf8 Drivers/CMSIS/system_stm32f4xx.o
 .debug_macro   0x0000c1ea       0x27 Drivers/CMSIS/system_stm32f4xx.o
 .debug_macro   0x0000c211      0x287 Drivers/CMSIS/system_stm32f4xx.o
 .debug_macro   0x0000c498       0x5f Drivers/CMSIS/system_stm32f4xx.o
 .debug_macro   0x0000c4f7      0x23a Drivers/CMSIS/system_stm32f4xx.o
 .debug_macro   0x0000c731      0x13a Drivers/CMSIS/system_stm32f4xx.o
 .debug_macro   0x0000c86b      0x23a Drivers/CMSIS/system_stm32f4xx.o
 .debug_macro   0x0000caa5       0x2e Drivers/CMSIS/system_stm32f4xx.o
 .debug_macro   0x0000cad3      0x11e Drivers/CMSIS/system_stm32f4xx.o
 .debug_macro   0x0000cbf1       0x85 Drivers/CMSIS/system_stm32f4xx.o
 .debug_macro   0x0000cc76       0x89 Drivers/CMSIS/system_stm32f4xx.o
 .debug_macro   0x0000ccff      0x6d9 Drivers/CMSIS/system_stm32f4xx.o
 .debug_macro   0x0000d3d8       0x5b Drivers/CMSIS/system_stm32f4xx.o
 .debug_macro   0x0000d433      0x14d Drivers/CMSIS/system_stm32f4xx.o
 .debug_macro   0x0000d580      0x11e Drivers/CMSIS/system_stm32f4xx.o
 .debug_macro   0x0000d69e      0x322 Drivers/STM32F4xx_HAL_Driver/stm32f4xx_hal.o
 .debug_macro   0x0000d9c0      0x2d4 Drivers/STM32F4xx_HAL_Driver/stm32f4xx_hal_cortex.o
 .debug_macro   0x0000dc94      0x30c Drivers/STM32F4xx_HAL_Driver/stm32f4xx_hal_gpio.o
 .debug_macro   0x0000dfa0      0x2fe Drivers/STM32F4xx_HAL_Driver/stm32f4xx_hal_rcc.o
 .debug_macro   0x0000e29e      0x2d5 Drivers/STM32F4xx_HAL_Driver/stm32f4xx_hal_tim.o
 .debug_macro   0x0000e573      0x2d4 Drivers/STM32F4xx_HAL_Driver/stm32f4xx_hal_tim_ex.o
 .debug_macro   0x0000e847      0x2d4 Src/main.o
 .debug_macro   0x0000eb1b      0x2d4 Src/stm32f4xx_hal_msp.o
 .debug_macro   0x0000edef      0x2de Src/stm32f4xx_it.o

.debug_str      0x00000000    0x56d43
 .debug_str     0x00000000    0x54638 Drivers/CMSIS/system_stm32f4xx.o
                              0x548d8 (size before relaxing)
 .debug_str     0x00054638      0x8be Drivers/STM32F4xx_HAL_Driver/stm32f4xx_hal.o
                              0x55138 (size before relaxing)
 .debug_str     0x00054ef6      0x367 Drivers/STM32F4xx_HAL_Driver/stm32f4xx_hal_cortex.o
                              0x54f91 (size before relaxing)
 .debug_str     0x0005525d      0x32a Drivers/STM32F4xx_HAL_Driver/stm32f4xx_hal_gpio.o
                              0x54b2f (size before relaxing)
 .debug_str     0x00055587      0x3b5 Drivers/STM32F4xx_HAL_Driver/stm32f4xx_hal_rcc.o
                              0x54cbe (size before relaxing)
 .debug_str     0x0005593c      0xe70 Drivers/STM32F4xx_HAL_Driver/stm32f4xx_hal_tim.o
                              0x5562b (size before relaxing)
 .debug_str     0x000567ac      0x451 Drivers/STM32F4xx_HAL_Driver/stm32f4xx_hal_tim_ex.o
                              0x5507a (size before relaxing)
 .debug_str     0x00056bfd       0x61 Src/main.o
                              0x55355 (size before relaxing)
 .debug_str     0x00056c5e       0x5d Src/stm32f4xx_hal_msp.o
                              0x54fc5 (size before relaxing)
 .debug_str     0x00056cbb       0x88 Src/stm32f4xx_it.o
                              0x54bdc (size before relaxing)

.comment        0x00000000       0x6e
 .comment       0x00000000       0x6e Drivers/CMSIS/system_stm32f4xx.o
                                 0x6f (size before relaxing)
 .comment       0x0000006e       0x6f Drivers/STM32F4xx_HAL_Driver/stm32f4xx_hal.o
 .comment       0x0000006e       0x6f Drivers/STM32F4xx_HAL_Driver/stm32f4xx_hal_cortex.o
 .comment       0x0000006e       0x6f Drivers/STM32F4xx_HAL_Driver/stm32f4xx_hal_gpio.o
 .comment       0x0000006e       0x6f Drivers/STM32F4xx_HAL_Driver/stm32f4xx_hal_rcc.o
 .comment       0x0000006e       0x6f Drivers/STM32F4xx_HAL_Driver/stm32f4xx_hal_tim.o
 .comment       0x0000006e       0x6f Drivers/STM32F4xx_HAL_Driver/stm32f4xx_hal_tim_ex.o
 .comment       0x0000006e       0x6f Src/main.o
 .comment       0x0000006e       0x6f Src/stm32f4xx_hal_msp.o
 .comment       0x0000006e       0x6f Src/stm32f4xx_it.o

.debug_frame    0x00000000     0x11d0
 .debug_frame   0x00000000       0x30 Drivers/CMSIS/system_stm32f4xx.o
 .debug_frame   0x00000030      0x184 Drivers/STM32F4xx_HAL_Driver/stm32f4xx_hal.o
 .debug_frame   0x000001b4      0x130 Drivers/STM32F4xx_HAL_Driver/stm32f4xx_hal_cortex.o
 .debug_frame   0x000002e4       0xd4 Drivers/STM32F4xx_HAL_Driver/stm32f4xx_hal_gpio.o
 .debug_frame   0x000003b8      0x138 Drivers/STM32F4xx_HAL_Driver/stm32f4xx_hal_rcc.o
 .debug_frame   0x000004f0      0x854 Drivers/STM32F4xx_HAL_Driver/stm32f4xx_hal_tim.o
 .debug_frame   0x00000d44      0x334 Drivers/STM32F4xx_HAL_Driver/stm32f4xx_hal_tim_ex.o
 .debug_frame   0x00001078       0x5c Src/main.o
 .debug_frame   0x000010d4       0x54 Src/stm32f4xx_hal_msp.o
 .debug_frame   0x00001128       0x7c Src/stm32f4xx_it.o
 .debug_frame   0x000011a4       0x2c c:/ac6/systemworkbench/plugins/fr.ac6.mcu.externaltools.arm-none.win32_1.7.0.201602121829/tools/compiler/bin/../lib/gcc/arm-none-eabi/5.2.1/../../../../arm-none-eabi/lib/armv7e-m/fpu\libc_nano.a(lib_a-init.o)
